yarn run v1.22.22
$ jest backend/tests/login.test.ts
  console.log
    [dotenv@17.2.3] injecting env (0) from .env.local -- tip: 🔑 add access controls to secrets: https://dotenvx.com/ops

      at _log (node_modules/dotenv/lib/main.js:142:11)

  console.error
    Login failed: Database error querying schema

      24 |
      25 |         if (error) {
    > 26 |             console.error('Login failed:', error.message);
         |                     ^
      27 |         }
      28 |
      29 |         expect(error).toBeNull();

      at Object.<anonymous> (backend/tests/login.test.ts:26:21)

FAIL backend/tests/login.test.ts
  Admin Login Verification
    ✕ should successfully login as the seeded admin user (111 ms)
    ✕ should retrieve the admin profile with correct branch (125 ms)

  ● Admin Login Verification › should successfully login as the seeded admin user

    expect(received).toBeNull()

    Received: [AuthApiError: Database error querying schema]

      27 |         }
      28 |
    > 29 |         expect(error).toBeNull();
         |                       ^
      30 |         expect(data.session).toBeDefined();
      31 |         expect(data.user).toBeDefined();
      32 |         expect(data.user?.email).toBe(email);

      at Object.<anonymous> (backend/tests/login.test.ts:29:23)

  ● Admin Login Verification › should retrieve the admin profile with correct branch

    expect(received).toBeNull()

    Received: {"code": "PGRST116", "details": "The result contains 0 rows", "hint": null, "message": "Cannot coerce the result to a single JSON object"}

      42 |             .single();
      43 |
    > 44 |         expect(error).toBeNull();
         |                       ^
      45 |         expect(profile).toBeDefined();
      46 |         expect(profile.role).toBe('admin');
      47 |         expect(profile.branches?.branch_code).toBe('0001');

      at Object.<anonymous> (backend/tests/login.test.ts:44:23)

---------------------------|---------|----------|---------|---------|-------------------
File                       | % Stmts | % Branch | % Funcs | % Lines | Uncovered Line #s 
---------------------------|---------|----------|---------|---------|-------------------
All files                  |       0 |        0 |       0 |       0 |                   
 backend/services          |       0 |        0 |       0 |       0 |                   
  addressService.ts        |       0 |        0 |       0 |       0 | 2-69              
  authService.ts           |       0 |        0 |       0 |       0 | 4-122             
  branchService.ts         |       0 |        0 |       0 |       0 | 2-74              
  clientService.ts         |       0 |        0 |       0 |       0 | 2-80              
  companyService.ts        |       0 |        0 |       0 |       0 | 2-67              
  dashboardService.ts      |       0 |        0 |       0 |       0 | 4-53              
  entityService.ts         |       0 |        0 |       0 |       0 | 2-69              
  nfeService.ts            |       0 |      100 |       0 |       0 | 2-34              
  notificationService.ts   |       0 |        0 |       0 |       0 | 4-72              
  orcamentoService.ts      |       0 |        0 |       0 |       0 | 2-17              
  ownerService.ts          |       0 |        0 |       0 |       0 | 2-63              
  personService.ts         |       0 |        0 |       0 |       0 | 2-68              
  preAnaliseService.ts     |       0 |        0 |       0 |       0 | 2-28              
  productService.ts        |       0 |        0 |       0 |       0 | 3-20              
  recebimentoService.ts    |       0 |      100 |       0 |       0 | 2-14              
  userManagementService.ts |       0 |        0 |       0 |       0 | 2-145             
 lib                       |       0 |        0 |       0 |       0 |                   
  audit.ts                 |       0 |        0 |       0 |       0 | 2-40              
  image.ts                 |       0 |        0 |       0 |       0 | 9-80              
  permissions.ts           |       0 |        0 |       0 |       0 | 2-25              
  storage.ts               |       0 |        0 |       0 |       0 | 2-43              
  supabase.ts              |       0 |        0 |     100 |       0 | 2-19              
---------------------------|---------|----------|---------|---------|-------------------
Test Suites: 1 failed, 1 total
Tests:       2 failed, 2 total
Snapshots:   0 total
Time:        1.128 s, estimated 2 s
Ran all test suites matching backend/tests/login.test.ts.
error Command failed with exit code 1.
info Visit https://yarnpkg.com/en/docs/cli/run for documentation about this command.
